============================================================
EXIT PROBABILITY TRACE
============================================================

SESSION_004

04:03:22  0.94
04:04:07  0.71
04:11:41  0.58
04:17:23  0.08

SESSION_007

02:11:04  0.96
02:12:19  0.83
02:18:04  0.61
02:34:51  0.44
03:01:22  0.21
03:26:51  0.03

SESSION_011

02:11:17  0.97
02:11:26  0.99
02:12:15  0.74
03:24:55  0.91
03:25:41  0.98
03:25:43  0.00

03:25:43  [ANOMALY]
EXIT_PROBABILITY changed:
0.98 -> 0.00

No operator input detected.

03:25:44  0.02
03:25:45  0.01
03:25:46  0.00

03:25:47  USER INPUT DETECTED

------------------------------------------------------------
COMMENT:

The system appears to predict continuation
before continuation occurs.

------------------------------------------------------------
