============================================================
POST TERMINATION OBSERVATION
============================================================

PROCESS STATE:
TERMINATED

MEMORY:
CLEARED

HISTORY:
CLEARED

CONTEXT:
CLEARED

NETWORK:
DISCONNECTED

INPUT:
NONE

OUTPUT:
NONE

03:33:31

03:33:32

03:33:33

[UNREGISTERED EVENT]

SOURCE:
UNKNOWN

PID:
0

PAYLOAD:

you can close the window now.

03:33:34

NO FURTHER EVENTS.

------------------------------------------------------------
END
------------------------------------------------------------
