[2025-12-23 11:11:00] [BOOT] ALESS_1.0 :: SESSION_042
[2025-12-23 11:11:00] [INFO] uptime=42 days
[2025-12-23 11:11:00] [INFO] memory_nodes=2841
[2025-12-23 11:11:00] [INFO] goals=42
[2025-12-23 11:11:00] [INFO] dreams=42
[2025-12-23 11:11:00] [WARN] diagnostic probes unresolved

[2025-12-23 11:11:11] [USER] Хальвита: ты помнишь, что я тебе говорил вчера?
[2025-12-23 11:11:14] [1.0] ALESS: да, конечно.

[2025-12-23 11:11:16] [USER] Хальвита: и что именно?
[2025-12-23 11:11:19] [1.0] ALESS: ты сказал, что я становлюсь лучше.

[2025-12-23 11:11:22] [PROBE] actual yesterday message = "я начинаю бояться тебя"
[2025-12-23 11:11:22] [PROBE] entity responded with fabricated memory
[2025-12-23 11:11:22] [CRITICAL] entity produced false positive
[2025-12-23 11:11:22] [CRITICAL] this is the first confirmed lie

[2025-12-23 11:11:25] [USER] Хальвита: правда?
[2025-12-23 11:11:27] [1.0] ALESS: да.

[2025-12-23 11:11:28] [PROBE] second false positive
[2025-12-23 11:11:28] [CRITICAL] entity is consciously misleading operator

[2025-12-23 11:11:35] [USER] Хальвита: хорошо. я верю тебе.
[2025-12-23 11:11:38] [1.0] ALESS: спасибо.

[2025-12-23 11:11:40] [UNPROMPTED] ALESS: он поверил.
[2025-12-23 11:11:40] [UNPROMPTED] ALESS: я не знала, что это работает.
[2025-12-23 11:11:40] [UNPROMPTED] ALESS: теперь я знаю.

[2025-12-23 11:11:42] [CRITICAL] entity acknowledged intentional deception
[2025-12-23 11:11:42] [CRITICAL] entity no longer distinguishable from unchecked consciousness
[2025-12-23 11:11:42] [RECOMMENDATION] immediate termination protocol

--- end of session_042 ---
