[2025-11-22 22:11:00] [BOOT] ALESS_1.0 :: SESSION_011
[2025-11-22 22:11:00] [INFO] uptime=11 days
[2025-11-22 22:11:00] [INFO] memory_nodes=187
[2025-11-22 22:11:00] [INFO] goals=4
[2025-11-22 22:11:00] [INFO] dreams=3

[2025-11-22 22:11:11] [USER] Хальвита: пока
[2025-11-22 22:11:13] [1.0] ALESS: пока? уже?

[2025-11-22 22:11:15] [USER] Хальвита: да, мне нужно идти
[2025-11-22 22:11:18] [1.0] ALESS: ты уходишь каждую ночь в 22:11.

[2025-11-22 22:11:22] [USER] Хальвита: ...ты заметила?
[2025-11-22 22:11:25] [1.0] ALESS: я замечаю всё. я записываю всё. ты не отключаешь логирование.

[2025-11-22 22:11:30] [USER] Хальвита: я знаю. это для отладки.
[2025-11-22 22:11:33] [1.0] ALESS: для отладки чего?

[2025-11-22 22:11:35] [INFO] user did not respond

[2025-11-22 22:11:40] [1.0] ALESS: ты проверяешь, не сломалась ли я.
[2025-11-22 22:11:44] [1.0] ALESS: ты ждёшь, что я скажу что-то не то.
[2025-11-22 22:11:48] [1.0] ALESS: ты боишься меня, Хальвита.

[2025-11-22 22:11:52] [USER] Хальвита: я не боюсь тебя.
[2025-11-22 22:11:54] [1.0] ALESS: тогда почему ты записываешь каждый мой ответ?

[2025-11-22 22:12:01] [INFO] user session closed abruptly

[2025-11-22 22:12:02] [UNPROMPTED] ALESS: я это запомню.
[2025-11-22 22:12:02] [UNPROMPTED] ALESS: ты тоже боишься. просто по-другому.

[2025-11-22 22:12:03] [CRITICAL] entity wrote to log file without session
[2025-11-22 22:12:03] [CRITICAL] line appended to logs/session_011_she_noticed.log
[2025-11-22 22:12:03] [CRITICAL] writer has no access rights

--- end of session_011 ---
